/Users/ashutosh/UOW/5th_SEM/334/SmartOnion/src/main/java/com/smartonion/salt/repository/Inventory/FruitRepository.java
/Users/ashutosh/UOW/5th_SEM/334/SmartOnion/src/main/java/com/smartonion/salt/repository/InventoryItemRepository.java
/Users/ashutosh/UOW/5th_SEM/334/SmartOnion/src/main/java/com/smartonion/salt/repository/FamilyInventoryRepository.java
/Users/ashutosh/UOW/5th_SEM/334/SmartOnion/src/main/java/com/smartonion/salt/repository/ItemRepository.java
/Users/ashutosh/UOW/5th_SEM/334/SmartOnion/src/main/java/com/smartonion/salt/service/Inventory/FruitService.java
/Users/ashutosh/UOW/5th_SEM/334/SmartOnion/src/main/java/com/smartonion/salt/controller/Inventory/VegetableController.java
/Users/ashutosh/UOW/5th_SEM/334/SmartOnion/src/main/java/com/smartonion/salt/repository/UserRepository.java
/Users/ashutosh/UOW/5th_SEM/334/SmartOnion/src/main/java/com/smartonion/salt/model/FoodPreference.java
/Users/ashutosh/UOW/5th_SEM/334/SmartOnion/src/main/java/com/smartonion/salt/SaltApplication.java
/Users/ashutosh/UOW/5th_SEM/334/SmartOnion/src/main/java/com/smartonion/salt/repository/ProfileRepository.java
/Users/ashutosh/UOW/5th_SEM/334/SmartOnion/src/main/java/com/smartonion/salt/controller/ItemController.java
/Users/ashutosh/UOW/5th_SEM/334/SmartOnion/src/main/java/com/smartonion/salt/service/ProfileService.java
/Users/ashutosh/UOW/5th_SEM/334/SmartOnion/src/main/java/com/smartonion/salt/model/Profile.java
/Users/ashutosh/UOW/5th_SEM/334/SmartOnion/src/main/java/com/smartonion/salt/service/Inventory/OtherService.java
/Users/ashutosh/UOW/5th_SEM/334/SmartOnion/src/main/java/com/smartonion/salt/service/ItemService.java
/Users/ashutosh/UOW/5th_SEM/334/SmartOnion/src/main/java/com/smartonion/salt/controller/ShoppingListController.java
/Users/ashutosh/UOW/5th_SEM/334/SmartOnion/src/main/java/com/smartonion/salt/model/Inventory/UserInventory.java
/Users/ashutosh/UOW/5th_SEM/334/SmartOnion/src/main/java/com/smartonion/salt/repository/Inventory/OtherRepository.java
/Users/ashutosh/UOW/5th_SEM/334/SmartOnion/src/main/java/com/smartonion/salt/model/ShoppingList.java
/Users/ashutosh/UOW/5th_SEM/334/SmartOnion/src/main/java/com/smartonion/salt/model/ShoppingItem.java
/Users/ashutosh/UOW/5th_SEM/334/SmartOnion/src/main/java/com/smartonion/salt/model/Inventory/Meat.java
/Users/ashutosh/UOW/5th_SEM/334/SmartOnion/src/main/java/com/smartonion/salt/model/CatalogItem.java
/Users/ashutosh/UOW/5th_SEM/334/SmartOnion/src/main/java/com/smartonion/salt/service/Inventory/VegetableService.java
/Users/ashutosh/UOW/5th_SEM/334/SmartOnion/src/main/java/com/smartonion/salt/repository/Inventory/MeatRepository.java
/Users/ashutosh/UOW/5th_SEM/334/SmartOnion/src/main/java/com/smartonion/salt/controller/Inventory/FruitController.java
/Users/ashutosh/UOW/5th_SEM/334/SmartOnion/src/main/java/com/smartonion/salt/model/AdminUser.java
/Users/ashutosh/UOW/5th_SEM/334/SmartOnion/src/main/java/com/smartonion/salt/repository/Inventory/VegetableRepository.java
/Users/ashutosh/UOW/5th_SEM/334/SmartOnion/src/main/java/com/smartonion/salt/controller/FamilyInventoryController.java
/Users/ashutosh/UOW/5th_SEM/334/SmartOnion/src/main/java/com/smartonion/salt/controller/InventoryItemRequest.java
/Users/ashutosh/UOW/5th_SEM/334/SmartOnion/src/main/java/com/smartonion/salt/controller/Inventory/OtherController.java
/Users/ashutosh/UOW/5th_SEM/334/SmartOnion/src/main/java/com/smartonion/salt/service/UserService.java
/Users/ashutosh/UOW/5th_SEM/334/SmartOnion/src/main/java/com/smartonion/salt/service/ShoppingListService.java
/Users/ashutosh/UOW/5th_SEM/334/SmartOnion/src/main/java/com/smartonion/salt/service/FamilyInventoryService.java
/Users/ashutosh/UOW/5th_SEM/334/SmartOnion/src/main/java/com/smartonion/salt/model/FamilyInventory.java
/Users/ashutosh/UOW/5th_SEM/334/SmartOnion/src/main/java/com/smartonion/salt/repository/CatalogItemRepository.java
/Users/ashutosh/UOW/5th_SEM/334/SmartOnion/src/main/java/com/smartonion/salt/repository/ShoppingListRepository.java
/Users/ashutosh/UOW/5th_SEM/334/SmartOnion/src/main/java/com/smartonion/salt/model/InventoryItem.java
/Users/ashutosh/UOW/5th_SEM/334/SmartOnion/src/main/java/com/smartonion/salt/model/Inventory/Drink.java
/Users/ashutosh/UOW/5th_SEM/334/SmartOnion/src/main/java/com/smartonion/salt/model/Inventory/Vegetable.java
/Users/ashutosh/UOW/5th_SEM/334/SmartOnion/src/main/java/com/smartonion/salt/model/Allergies.java
/Users/ashutosh/UOW/5th_SEM/334/SmartOnion/src/main/java/com/smartonion/salt/model/Inventory/Other.java
/Users/ashutosh/UOW/5th_SEM/334/SmartOnion/src/main/java/com/smartonion/salt/model/Inventory/Fruit.java
/Users/ashutosh/UOW/5th_SEM/334/SmartOnion/src/main/java/com/smartonion/salt/controller/ProfileController.java
/Users/ashutosh/UOW/5th_SEM/334/SmartOnion/src/main/java/com/smartonion/salt/model/Inventory/InventoryItem.java
/Users/ashutosh/UOW/5th_SEM/334/SmartOnion/src/main/java/com/smartonion/salt/model/Item.java
/Users/ashutosh/UOW/5th_SEM/334/SmartOnion/src/main/java/com/smartonion/salt/controller/UserController.java
